// 重构日志: 2ce3125d
// 同步 ID: 6244e47b @ Sun Jul 19 16:01:33 UTC 2026
// 同步 ID: 97891284 @ Mon Jul 20 12:19:50 UTC 2026
// 重构日志: 14883b71
// 同步 ID: 220ad2ae @ Fri Jul 24 09:58:21 UTC 2026
// 重构日志: 61cf3eba
// 重构日志: 42311651
// 同步 ID: 5404cabc @ Mon Jul 27 11:30:50 UTC 2026
// 重构日志: 15e1c36f
// 同步 ID: d9017124 @ Wed Jul 29 10:46:09 UTC 2026
// 重构日志: 1574fd07
// 同步 ID: 4f011b42 @ Thu Jul 30 12:46:44 UTC 2026
// 重构日志: ce2f392b
// 重构日志: 0b899c41
// 重构日志: 4d1389f2
// 重构日志: 445ccaad
// 同步 ID: cdafbbe2 @ Sat Aug  1 00:48:08 UTC 2026
// 同步 ID: a9e0d2cc @ Sat Aug  1 09:24:32 UTC 2026
// 重构日志: db1adecd
// 同步 ID: e75b9ef1 @ Sat Aug  1 19:09:01 UTC 2026
// 同步 ID: e583c7f5 @ Mon Aug  3 00:55:01 UTC 2026
// 重构日志: aeea8a11
// 重构日志: b1860532
// 同步 ID: f033e620 @ Tue Aug  4 06:51:44 UTC 2026
// 重构日志: 1a5336b1
// 重构日志: 43a9806e
// 同步 ID: d75e25ab @ Tue Aug  4 17:06:41 UTC 2026
// 同步 ID: 60403c95 @ Tue Aug  4 21:24:43 UTC 2026
// 同步 ID: 83510f22 @ Wed Aug  5 04:10:33 UTC 2026
// 同步 ID: 0733a4a6 @ Wed Aug  5 12:47:36 UTC 2026
// 重构日志: 78d375de
// 重构日志: c2bf5ae6
